Information: Updating design information... (UID-85)
 
****************************************
Report : timing
        -path full
        -delay max
        -max_paths 1
Design : DLX_MEM_SIZE128_WORD_size32_NREG32
Version: F-2011.09-SP3
Date   : Wed Oct 20 12:12:29 2021
****************************************

Operating Conditions: typical   Library: NangateOpenCellLibrary
Wire Load Model Mode: top

  Startpoint: data_path/IR_reg_reg[27]
              (rising edge-triggered flip-flop clocked by CLK)
  Endpoint: data_path/PC_reg_reg[31]
            (rising edge-triggered flip-flop clocked by CLK)
  Path Group: CLK
  Path Type: max

  Des/Clust/Port     Wire Load Model       Library
  ------------------------------------------------
  DLX_MEM_SIZE128_WORD_size32_NREG32
                     5K_hvratio_1_4        NangateOpenCellLibrary

  Point                                                   Incr       Path
  --------------------------------------------------------------------------
  clock CLK (rise edge)                                   0.00       0.00
  clock network delay (ideal)                             0.00       0.00
  data_path/IR_reg_reg[27]/CK (DFFR_X1)                   0.00       0.00 r
  data_path/IR_reg_reg[27]/Q (DFFR_X1)                    0.13       0.13 r
  data_path/dec_stage/instr[27] (DEC)                     0.00       0.13 r
  data_path/dec_stage/decode_logic/instr[27] (dec_logic_WORD_size32_NREG32)
                                                          0.00       0.13 r
  data_path/dec_stage/decode_logic/U119/ZN (INV_X1)       0.05       0.18 f
  data_path/dec_stage/decode_logic/U44/ZN (NOR4_X1)       0.11       0.29 r
  data_path/dec_stage/decode_logic/U111/ZN (NAND2_X1)     0.05       0.34 f
  data_path/dec_stage/decode_logic/U7/ZN (INV_X1)         0.06       0.41 r
  data_path/dec_stage/decode_logic/U10/ZN (NOR2_X1)       0.07       0.47 f
  data_path/dec_stage/decode_logic/RS1[2] (dec_logic_WORD_size32_NREG32)
                                                          0.00       0.47 f
  data_path/dec_stage/SDU/RSA[2] (stall_detection_unit_op_code_size6_func_size11_PC_reg_size32_reg_file_size32)
                                                          0.00       0.47 f
  data_path/dec_stage/SDU/U163/Z (XOR2_X1)                0.10       0.57 f
  data_path/dec_stage/SDU/U161/ZN (NOR2_X1)               0.05       0.62 r
  data_path/dec_stage/SDU/U160/ZN (NAND4_X1)              0.05       0.67 f
  data_path/dec_stage/SDU/U159/ZN (NAND2_X1)              0.05       0.73 r
  data_path/dec_stage/SDU/sub_60_aco/B[2] (stall_detection_unit_op_code_size6_func_size11_PC_reg_size32_reg_file_size32_DW01_sub_2)
                                                          0.00       0.73 r
  data_path/dec_stage/SDU/sub_60_aco/U62/ZN (INV_X1)      0.03       0.76 f
  data_path/dec_stage/SDU/sub_60_aco/U34/ZN (OR2_X1)      0.06       0.82 f
  data_path/dec_stage/SDU/sub_60_aco/U35/ZN (OR2_X1)      0.07       0.89 f
  data_path/dec_stage/SDU/sub_60_aco/U36/ZN (OR2_X1)      0.07       0.96 f
  data_path/dec_stage/SDU/sub_60_aco/U37/ZN (OR2_X1)      0.07       1.02 f
  data_path/dec_stage/SDU/sub_60_aco/U38/ZN (OR2_X1)      0.07       1.09 f
  data_path/dec_stage/SDU/sub_60_aco/U39/ZN (OR2_X1)      0.07       1.16 f
  data_path/dec_stage/SDU/sub_60_aco/U40/ZN (OR2_X1)      0.07       1.22 f
  data_path/dec_stage/SDU/sub_60_aco/U41/ZN (OR2_X1)      0.07       1.29 f
  data_path/dec_stage/SDU/sub_60_aco/U42/ZN (OR2_X1)      0.07       1.36 f
  data_path/dec_stage/SDU/sub_60_aco/U43/ZN (OR2_X1)      0.07       1.43 f
  data_path/dec_stage/SDU/sub_60_aco/U44/ZN (OR2_X1)      0.07       1.49 f
  data_path/dec_stage/SDU/sub_60_aco/U45/ZN (OR2_X1)      0.07       1.56 f
  data_path/dec_stage/SDU/sub_60_aco/U46/ZN (OR2_X1)      0.07       1.63 f
  data_path/dec_stage/SDU/sub_60_aco/U47/ZN (OR2_X1)      0.07       1.70 f
  data_path/dec_stage/SDU/sub_60_aco/U48/ZN (OR2_X1)      0.07       1.76 f
  data_path/dec_stage/SDU/sub_60_aco/U49/ZN (OR2_X1)      0.07       1.83 f
  data_path/dec_stage/SDU/sub_60_aco/U50/ZN (OR2_X1)      0.07       1.90 f
  data_path/dec_stage/SDU/sub_60_aco/U51/ZN (OR2_X1)      0.07       1.96 f
  data_path/dec_stage/SDU/sub_60_aco/U52/ZN (OR2_X1)      0.07       2.03 f
  data_path/dec_stage/SDU/sub_60_aco/U53/ZN (OR2_X1)      0.07       2.10 f
  data_path/dec_stage/SDU/sub_60_aco/U54/ZN (OR2_X1)      0.07       2.17 f
  data_path/dec_stage/SDU/sub_60_aco/U55/ZN (OR2_X1)      0.07       2.23 f
  data_path/dec_stage/SDU/sub_60_aco/U56/ZN (OR2_X1)      0.07       2.30 f
  data_path/dec_stage/SDU/sub_60_aco/U57/ZN (OR2_X1)      0.07       2.37 f
  data_path/dec_stage/SDU/sub_60_aco/U58/ZN (OR2_X1)      0.07       2.44 f
  data_path/dec_stage/SDU/sub_60_aco/U59/ZN (OR2_X1)      0.07       2.50 f
  data_path/dec_stage/SDU/sub_60_aco/U60/ZN (OR2_X1)      0.07       2.57 f
  data_path/dec_stage/SDU/sub_60_aco/U61/ZN (OR2_X1)      0.07       2.64 f
  data_path/dec_stage/SDU/sub_60_aco/U33/ZN (INV_X1)      0.03       2.67 r
  data_path/dec_stage/SDU/sub_60_aco/U31/ZN (NAND2_X1)
                                                          0.03       2.70 f
  data_path/dec_stage/SDU/sub_60_aco/U30/ZN (XNOR2_X1)
                                                          0.06       2.76 f
  data_path/dec_stage/SDU/sub_60_aco/DIFF[31] (stall_detection_unit_op_code_size6_func_size11_PC_reg_size32_reg_file_size32_DW01_sub_2)
                                                          0.00       2.76 f
  data_path/dec_stage/SDU/U80/ZN (AOI222_X1)              0.07       2.83 r
  data_path/dec_stage/SDU/U79/ZN (NAND2_X1)               0.04       2.87 f
  data_path/dec_stage/SDU/NPC_out[31] (stall_detection_unit_op_code_size6_func_size11_PC_reg_size32_reg_file_size32)
                                                          0.00       2.87 f
  data_path/dec_stage/stall_NPC[31] (DEC)                 0.00       2.87 f
  data_path/fetch_stage/hazard_PC[31] (FETCH)             0.00       2.87 f
  data_path/fetch_stage/MUX/B[31] (MUX21_GENERIC_NBIT32_4)
                                                          0.00       2.87 f
  data_path/fetch_stage/MUX/MUXES_31/B (MUX21_499)        0.00       2.87 f
  data_path/fetch_stage/MUX/MUXES_31/U2/ZN (AOI22_X1)     0.06       2.93 r
  data_path/fetch_stage/MUX/MUXES_31/U1/ZN (INV_X1)       0.03       2.96 f
  data_path/fetch_stage/MUX/MUXES_31/Y (MUX21_499)        0.00       2.96 f
  data_path/fetch_stage/MUX/Y[31] (MUX21_GENERIC_NBIT32_4)
                                                          0.00       2.96 f
  data_path/fetch_stage/add_37/A[31] (FETCH_DW01_add_0)
                                                          0.00       2.96 f
  data_path/fetch_stage/add_37/U40/ZN (XNOR2_X1)          0.06       3.02 f
  data_path/fetch_stage/add_37/SUM[31] (FETCH_DW01_add_0)
                                                          0.00       3.02 f
  data_path/fetch_stage/NPC[31] (FETCH)                   0.00       3.02 f
  data_path/MUX/A[31] (MUX21_GENERIC_NBIT32_0)            0.00       3.02 f
  data_path/MUX/MUXES_31/A (MUX21_563)                    0.00       3.02 f
  data_path/MUX/MUXES_31/U2/ZN (AOI22_X1)                 0.05       3.07 r
  data_path/MUX/MUXES_31/U1/ZN (INV_X1)                   0.02       3.09 f
  data_path/MUX/MUXES_31/Y (MUX21_563)                    0.00       3.09 f
  data_path/MUX/Y[31] (MUX21_GENERIC_NBIT32_0)            0.00       3.09 f
  data_path/PC_reg_reg[31]/D (DFFR_X1)                    0.01       3.10 f
  data arrival time                                                  3.10

  clock CLK (rise edge)                                   4.00       4.00
  clock network delay (ideal)                             0.00       4.00
  data_path/PC_reg_reg[31]/CK (DFFR_X1)                   0.00       4.00 r
  library setup time                                     -0.04       3.96
  data required time                                                 3.96
  --------------------------------------------------------------------------
  data required time                                                 3.96
  data arrival time                                                 -3.10
  --------------------------------------------------------------------------
  slack (MET)                                                        0.86


1
